TODE 1.0 MAP FILE
//Comment

//Whitespace allowed

METADATA
	//Default values:
	NAME: Map
	STARTRESOURCES: X20 Y20
	DIFFICULTY: 1
	SIZE: 6x5
ENDMETADATA

TILES
	TILE: EMPTY
		ID: 00
		PIC: grass.png
		TYPE: Empty
	ENDTILE
	TILE: PATH
		ID: 01
		PIC: path.png
		TYPE: Path
	ENDTILE
	TILE: ENTRY
		ID: 02
		PIC: entry.png
		TYPE: Entry-Left
	ENDTILE
	TILE: EXIT
		ID: 03
		PIC: exit.png
		TYPE: Exit-Right
	ENDTILE
	TILE: TOWER1
		ID: 04
		PIC: tower.png
		TYPE: Tower
		PRICE: X10 Y1
		DAMAGE: 2
		RELOAD: 1
	ENDTILE
	TILE: BUILDING1
		ID: 05
		PIC: farm.png
		TYPE: Building
		PRICE: X20 Y5
		PRODUCTION: X5 Y1
		SPEED: 10
	ENDTILE
ENDTILES

MAP
	01 01 01 01 01 00
	01 00 00 00 01 00
	01 01 01 00 01 01
	00 00 01 00 00 03
	02 01 01 00 00 00
ENDMAP

//MAP and TILES need to be read before ENEMIES
ENEMIES
	ENEMY : WALKER
		SPEED: 1
		HEALTH: 8
		PIC: enemy.png
		REWARD: X1 Y0
	ENDENEMY
	ENEMY : RUNNER
		SPEED: 2
		HEALTH: 4
		PIC: fastenemy.png
		REWARD: X1 Y0
	ENDENEMY
	ENEMY : BIGBOI
		SPEED: 1
		HEALTH: 30
		PIC: bigenemy.png
		REWARD: X3 Y1
	ENDENEMY
ENDENEMIES

WAVES
	WAVE 1 : 0
		3 WALKER
		0 RUNNER
	ENDWAVE
	WAVE 2 : 20
		5 WALKER
		5 RUNNER
	ENDWAVE
	WAVE 3 : 40
		8 RUNNER
		1 BIGBOI
	ENDWAVE
	WAVE 4 : 60
		10 WALKER
	ENDWAVE
	WAVE 5 : 80
		5 RUNNER
		5 BIGBOI
	ENDWAVE
	WAVE 6 : 90
		15 BIGBOI
		10 RUNNER
	ENDWAVE
ENDWAVES

END